// Jest Snapshot v1, https://goo.gl/fbAQLP

exports[`should render 1`] = `
<View
  style={
    {
      "backgroundColor": "#003",
      "flex": 1,
      "paddingBottom": 0,
      "paddingLeft": 0,
      "paddingRight": 0,
      "paddingTop": 0,
    }
  }
>
  <View
    style={
      {
        "alignItems": "center",
        "flex": 1,
        "gap": 8,
        "padding": 24,
      }
    }
  >
    <Text
      style={
        {
          "color": "#EEF",
          "fontSize": 50,
          "textAlign": "center",
        }
      }
    >
      What in the world? 🌎
    </Text>
  </View>
</View>
`;
