// Jest Snapshot v1, https://goo.gl/fbAQLP

exports[`should render 1`] = `
<BackgroundView>
  <View
    style={
      {
        "paddingHorizontal": 24,
      }
    }
  >
    <TitleDatalayer />
  </View>
  <ScrollView
    style={
      {
        "gap": 8,
        "paddingHorizontal": 24,
      }
    }
  >
    <ContinentsListDatalayer />
  </ScrollView>
</BackgroundView>
`;
