// Jest Snapshot v1, https://goo.gl/fbAQLP

exports[`should render 1`] = `
<SafeAreaProvider>
  <mockConstructor
    client={mockConstructor {}}
  >
    <ForwardRef(NavigationContainerInner)
      linking={
        {
          "config": {
            "screens": {
              "Continent": "continent/:code",
              "Home": "",
            },
          },
          "prefixes": [],
        }
      }
    >
      <mockConstructor
        screenOptions={
          {
            "animation": "default",
            "headerShown": false,
          }
        }
      >
        <mockConstructor
          component={[Function]}
          name="Home"
        />
        <mockConstructor
          component={[Function]}
          name="Continent"
        />
      </mockConstructor>
    </ForwardRef(NavigationContainerInner)>
  </mockConstructor>
</SafeAreaProvider>
`;
